16.431
18.18